---
source: tests/integration/test_deps.rs
expression: normalized
---
PaymentService — direct dependencies
──────────────────────────────────────────────────────────────────────────────
calls:
  logger.info             (external)
  logger.warn             (external)
  validateAmount          src/payments/service.ts

imports:
  Logger                  src/utils/logger.ts
  PaymentMethod           src/payments/types.ts
  PaymentRequest          src/payments/types.ts
  PaymentResult           src/payments/types.ts

references_type:
  Logger                  src/utils/logger.ts
  PaymentMethod           src/payments/types.ts
  PaymentRequest          src/payments/types.ts
