---
source: tests/integration/test_refs.rs
expression: normalized
---
PaymentService — 10 references
──────────────────────────────────────────────────────────────────────────────
called (4):
  src/controllers/order.ts:13           await this.paymentService.processPayment(request);
  src/controllers/order.ts:18           await this.paymentService.processPayment(request);
  src/controllers/refund.ts:11          return await this.paymentService.refundPayment(transactionId);
  src/payments/service.ts:13            this.validateAmount(request.amount);

imported (2):
  src/controllers/order.ts:1            import { PaymentService } from '../payments/service';
  src/controllers/refund.ts:1           import { PaymentService } from '../payments/service';

used as type (4):
  src/controllers/order.ts:5            private paymentService: PaymentService;
  src/controllers/order.ts:7            constructor(paymentService: PaymentService) {
  src/controllers/refund.ts:4           private paymentService: PaymentService;
  src/controllers/refund.ts:6           constructor(paymentService: PaymentService) {
