---
source: tests/integration/test_sketch.rs
expression: normalized
---
PaymentService                                    class  src/payments/service.ts:4-24
──────────────────────────────────────────────────────────────────────────────
deps:     Logger, PaymentRequest, logger.info

methods:
  constructor(logger: Logger)                                       [internal]
  async processPayment(request: PaymentRequest): Promise<PaymentResult>[2 callers]
  async refundPayment(transactionId: string): Promise<boolean>      [1 caller]
  private validateAmount(amount: number): boolean                   [internal]

fields:
  private logger: Logger
