---
source: tests/integration/test_impact.rs
expression: normalized
---
Impact analysis: PaymentService
──────────────────────────────────────────────────────────────────────────────
Direct callers (7):
  OrderController                         src/controllers/order.ts
  checkout                                src/controllers/order.ts
  constructor                             src/controllers/order.ts
  retryPayment                            src/controllers/order.ts
  RefundController                        src/controllers/refund.ts
  constructor                             src/controllers/refund.ts
  processRefund                           src/controllers/refund.ts
